// Jest Snapshot v1, https://goo.gl/fbAQLP

exports[`<H2 /> Should render and match the snapshot 1`] = `
.c0 {
  display: inline-block;
  margin: 0;
  padding: 1.2em;
  color: unset;
  font-size: 1.7279999999999998rem;
  line-height: 1.2;
  font-family: -apple-system,BlinkMacSystemFont,"Segoe UI",Roboto,Oxygen,Ubuntu,Cantarell,"Fira Sans","Droid Sans","Helvetica Neue",sans-serif;
  font-style: normal !important;
  font-weight: 700 !important;
}

<h2
  className="c0"
/>
`;
